<?xml version="1.0" encoding="UTF-8"?>
<testsuites name="jest tests" tests="7" failures="0" time="25.703">
  <testsuite name="buttonn" errors="0" failures="0" skipped="0" timestamp="2020-07-13T09:58:22" time="8.621" tests="1">
    <testcase classname="buttonn 是个div" name="buttonn 是个div" time="0.034">
    </testcase>
  </testsuite>
  <testsuite name="classes" errors="0" failures="0" skipped="0" timestamp="2020-07-13T09:58:21" time="9.061" tests="3">
    <testcase classname="classes 他接受两个 className" name="classes 他接受两个 className" time="0.008">
    </testcase>
    <testcase classname="classes 不接受 undefined null false特殊值" name="classes 不接受 undefined null false特殊值" time="0.001">
    </testcase>
    <testcase classname="classes 他接收 0 个className" name="classes 他接收 0 个className" time="0.001">
    </testcase>
  </testsuite>
  <testsuite name="icon" errors="0" failures="0" skipped="0" timestamp="2020-07-13T09:58:22" time="9.538" tests="2">
    <testcase classname="icon ICON 是 SVG" name="icon ICON 是 SVG" time="0.049">
    </testcase>
    <testcase classname="icon onClick" name="icon onClick" time="0.129">
    </testcase>
  </testsuite>
  <testsuite name="我的第一个测试用例" errors="0" failures="0" skipped="0" timestamp="2020-07-13T09:58:31" time="1.663" tests="1">
    <testcase classname="我的第一个测试用例 add(1, 2)等于3" name="我的第一个测试用例 add(1, 2)等于3" time="0.005">
    </testcase>
  </testsuite>
</testsuites>